ColB,ColC,Col1,Col2,Col6
1.1,2.1,0,0,1
1.2,2.2,0,0,2
1.3,2.3,0,0,
1.4,2.4,0,0,4

